// Jest Snapshot v1, https://goo.gl/fbAQLP

exports[`Search Component in intial startup should match the snapshot 1`] = `"<form class=\\"MuiPaper-root makeStyles-root-7 MuiPaper-elevation1 MuiPaper-rounded\\"><div class=\\"MuiInputBase-root makeStyles-input-8 MuiInputBase-fullWidth\\"><input type=\\"text\\" placeholder=\\"Search News with keywords\\" aria-label=\\"search news\\" class=\\"MuiInputBase-input\\"/></div><button class=\\"MuiButtonBase-root MuiIconButton-root\\" tabindex=\\"0\\" type=\\"submit\\" aria-label=\\"search\\"><span class=\\"MuiIconButton-label\\"><svg class=\\"MuiSvgIcon-root\\" focusable=\\"false\\" viewBox=\\"0 0 24 24\\" aria-hidden=\\"true\\"><path d=\\"M15.5 14h-.79l-.28-.27C15.41 12.59 16 11.11 16 9.5 16 5.91 13.09 3 9.5 3S3 5.91 3 9.5 5.91 16 9.5 16c1.61 0 3.09-.59 4.23-1.57l.27.28v.79l5 4.99L20.49 19l-4.99-5zm-6 0C7.01 14 5 11.99 5 9.5S7.01 5 9.5 5 14 7.01 14 9.5 11.99 14 9.5 14z\\"></path></svg></span></button></form><footer class=\\"makeStyles-footer-9 makeStyles-emptyContainerFoot-5\\"><div class=\\"MuiBox-root MuiBox-root-10\\"><div class=\\"MuiContainer-root MuiContainer-maxWidthLg\\"><div class=\\"MuiGrid-root MuiGrid-container MuiGrid-spacing-xs-5\\"><div class=\\"MuiGrid-root MuiGrid-item MuiGrid-grid-xs-12 MuiGrid-grid-sm-4\\"><div class=\\"MuiBox-root MuiBox-root-11\\">Header 1</div><div class=\\"MuiBox-root MuiBox-root-12\\"><a class=\\"MuiTypography-root MuiLink-root MuiLink-underlineHover MuiTypography-colorInherit\\" href=\\"/\\">Link 1</a></div><div class=\\"MuiBox-root MuiBox-root-13\\"><a class=\\"MuiTypography-root MuiLink-root MuiLink-underlineHover MuiTypography-colorInherit\\" href=\\"/\\">Link 2</a></div><div class=\\"MuiBox-root MuiBox-root-14\\"><a class=\\"MuiTypography-root MuiLink-root MuiLink-underlineHover MuiTypography-colorInherit\\" href=\\"/\\">Link 3</a></div></div><div class=\\"MuiGrid-root MuiGrid-item MuiGrid-grid-xs-12 MuiGrid-grid-sm-4\\"><div class=\\"MuiBox-root MuiBox-root-15\\">Header 2</div><div class=\\"MuiBox-root MuiBox-root-16\\"><a class=\\"MuiTypography-root MuiLink-root MuiLink-underlineHover MuiTypography-colorInherit\\" href=\\"/\\">Link 1</a></div><div class=\\"MuiBox-root MuiBox-root-17\\"><a class=\\"MuiTypography-root MuiLink-root MuiLink-underlineHover MuiTypography-colorInherit\\" href=\\"/\\">Link 2</a></div><div class=\\"MuiBox-root MuiBox-root-18\\"><a class=\\"MuiTypography-root MuiLink-root MuiLink-underlineHover MuiTypography-colorInherit\\" href=\\"/\\">Link 3</a></div></div><div class=\\"MuiGrid-root MuiGrid-item MuiGrid-grid-xs-12 MuiGrid-grid-sm-4\\"><div class=\\"MuiBox-root MuiBox-root-19\\">Header 3</div><div class=\\"MuiBox-root MuiBox-root-20\\"><a class=\\"MuiTypography-root MuiLink-root MuiLink-underlineHover MuiTypography-colorInherit\\" href=\\"/\\">Link 1</a></div><div class=\\"MuiBox-root MuiBox-root-21\\"><a class=\\"MuiTypography-root MuiLink-root MuiLink-underlineHover MuiTypography-colorInherit\\" href=\\"/\\">Link 2</a></div><div class=\\"MuiBox-root MuiBox-root-22\\"><a class=\\"MuiTypography-root MuiLink-root MuiLink-underlineHover MuiTypography-colorInherit\\" href=\\"/\\">Link 3</a></div></div></div></div></div></footer>"`;
